// Jest Snapshot v1, https://goo.gl/fbAQLP

exports[`renders a snapshot 1`] = `
<div
  className="App"
>
  <h1>
    GitHub
  </h1>
  <div>
    <form
      onSubmit={[Function]}
    >
      <input
        onChange={[Function]}
        placeholder="username"
        value=""
      />
      <input
        type="submit"
      />
    </form>
    <p>
      name: 
    </p>
  </div>
</div>
`;
